sneha@DESKTOP-PLQA06O MINGW64 ~/GitDemo2 (master)
$ cd ..

sneha@DESKTOP-PLQA06O MINGW64 ~
$ cd GitDemo

sneha@DESKTOP-PLQA06O MINGW64 ~/GitDemo (master)
$ tocuh debug.log
bash: tocuh: command not found

sneha@DESKTOP-PLQA06O MINGW64 ~/GitDemo (master)
$ touch debug.log

sneha@DESKTOP-PLQA06O MINGW64 ~/GitDemo (master)
$ mkdir log

sneha@DESKTOP-PLQA06O MINGW64 ~/GitDemo (master)
$ echo "it will be ignored" > log/app.log

sneha@DESKTOP-PLQA06O MINGW64 ~/GitDemo (master)
$ touch  .gitignore

sneha@DESKTOP-PLQA06O MINGW64 ~/GitDemo (master)
$ notepad++ .gitignore

sneha@DESKTOP-PLQA06O MINGW64 ~/GitDemo (master)
$ git status
On branch master
Your branch is up to date with 'origin/master'.

Untracked files:
  (use "git add <file>..." to include in what will be committed)
        .gitignore

nothing added to commit but untracked files present (use "git add" to track)

sneha@DESKTOP-PLQA06O MINGW64 ~/GitDemo (master)
$ git add .gitignore

sneha@DESKTOP-PLQA06O MINGW64 ~/GitDemo (master)
$ git commit -m "Added .gitignore to ignore .log files and log/ folder"
[master 7162cc9] Added .gitignore to ignore .log files and log/ folder
 1 file changed, 2 insertions(+)
 create mode 100644 .gitignore

sneha@DESKTOP-PLQA06O MINGW64 ~/GitDemo (master)
$ git status
On branch master
Your branch is ahead of 'origin/master' by 1 commit.
  (use "git push" to publish your local commits)

nothing to commit, working tree clean
