sneha@DESKTOP-PLQA06O MINGW64 ~
$ git branch GitNewBranch
fatal: not a git repository (or any of the parent directories): .git

sneha@DESKTOP-PLQA06O MINGW64 ~
$ git branch -a
fatal: not a git repository (or any of the parent directories): .git

sneha@DESKTOP-PLQA06O MINGW64 ~
$ cd GitDemo

sneha@DESKTOP-PLQA06O MINGW64 ~/GitDemo (master)
$ git branch GitNewBranch
fatal: a branch named 'GitNewBranch' already exists

sneha@DESKTOP-PLQA06O MINGW64 ~/GitDemo (master)
$ git branch -a
  GitNewBranch
* master
  remotes/origin/master

sneha@DESKTOP-PLQA06O MINGW64 ~/GitDemo (master)
$ git checkout GitNewBranch
Switched to branch 'GitNewBranch'

sneha@DESKTOP-PLQA06O MINGW64 ~/GitDemo (GitNewBranch)
$ ls
debug.log  feature.txt  log/  welcome.txt

sneha@DESKTOP-PLQA06O MINGW64 ~/GitDemo (GitNewBranch)
$ git status
On branch GitNewBranch
nothing to commit, working tree clean

sneha@DESKTOP-PLQA06O MINGW64 ~/GitDemo (GitNewBranch)
$ git checkout master
Switched to branch 'master'
Your branch is ahead of 'origin/master' by 1 commit.
  (use "git push" to publish your local commits)

sneha@DESKTOP-PLQA06O MINGW64 ~/GitDemo (master)
$ ls
debug.log  log/  welcome.txt

sneha@DESKTOP-PLQA06O MINGW64 ~/GitDemo (master)
$ git diff master..GitNewBranch
diff --git a/feature.txt b/feature.txt
new file mode 100644
index 0000000..9f27864
--- /dev/null
+++ b/feature.txt
@@ -0,0 +1 @@
+This is a new Branch

sneha@DESKTOP-PLQA06O MINGW64 ~/GitDemo (master)
$ git difftool master..GitNewBranch

This message is displayed because 'diff.tool' is not configured.
See 'git difftool --tool-help' or 'git help config' for more details.
'git difftool' will now attempt to use one of the following tools:
opendiff kdiff3 tkdiff xxdiff meld kompare gvimdiff diffuse diffmerge ecmerge p4merge araxis bc codecompare smerge emerge vimdiff nvimdiff

Viewing (1/1): 'feature.txt'
Launch 'vimdiff' [Y/n]? n

sneha@DESKTOP-PLQA06O MINGW64 ~/GitDemo (master)
$ git config --global diff.tool p4merge

sneha@DESKTOP-PLQA06O MINGW64 ~/GitDemo (master)
$ git config --global difftool.prompt false

sneha@DESKTOP-PLQA06O MINGW64 ~/GitDemo (master)
$ git difftool master..GitNewBranch
The diff tool p4merge is not available as 'p4merge'
fatal: external diff died, stopping at feature.txt

sneha@DESKTOP-PLQA06O MINGW64 ~/GitDemo (master)
$ ^C

sneha@DESKTOP-PLQA06O MINGW64 ~/GitDemo (master)
$ git difftool master..GitNewBranch
The diff tool p4merge is not available as 'p4merge'
fatal: external diff died, stopping at feature.txt

sneha@DESKTOP-PLQA06O MINGW64 ~/GitDemo (master)
$ git config --global difftool.p4merge.path "C:/Program Files/Perforce/p4merge.exe"

sneha@DESKTOP-PLQA06O MINGW64 ~/GitDemo (master)
$ git difftool master..GitNewBranch

sneha@DESKTOP-PLQA06O MINGW64 ~/GitDemo (master)
$ git difftool master..GitNewBranch

sneha@DESKTOP-PLQA06O MINGW64 ~/GitDemo (master)
$ git merge GitNewBranch
Updating 7162cc9..2b76623
Fast-forward
 feature.txt | 1 +
 1 file changed, 1 insertion(+)
 create mode 100644 feature.txt

sneha@DESKTOP-PLQA06O MINGW64 ~/GitDemo (master)
$ git log --oneline --graph --decorate --all
* 2b76623 (HEAD -> master, GitNewBranch) Added feature.txt
* 7162cc9 Added .gitignore to ignore .log files and log/ folder
* 5803483 (origin/master) Committed

sneha@DESKTOP-PLQA06O MINGW64 ~/GitDemo (master)
$ git branch -d GitNewBranch
Deleted branch GitNewBranch (was 2b76623).

sneha@DESKTOP-PLQA06O MINGW64 ~/GitDemo (master)
$ git status
On branch master
Your branch is ahead of 'origin/master' by 2 commits.
  (use "git push" to publish your local commits)

nothing to commit, working tree clean
